
> iamautom-community@0.1.0 build
> next build

  ▲ Next.js 14.2.35
  - Environments: .env.local

   Creating an optimized production build ...
<w> [webpack.cache.PackFileCacheStrategy] Skipped not serializable cache item 'Compilation/modules|/Users/mnosys/Documents/Antigravit AI /Iamautom Skool/iamautom-community/node_modules/next/dist/build/webpack/loaders/css-loader/src/index.js??ruleSet[1].rules[14].oneOf[12].use[2]!/Users/mnosys/Documents/Antigravit AI /Iamautom Skool/iamautom-community/node_modules/next/dist/build/webpack/loaders/postcss-loader/src/index.js??ruleSet[1].rules[14].oneOf[12].use[3]!/Users/mnosys/Documents/Antigravit AI /Iamautom Skool/iamautom-community/src/app/globals.css': No serializer registered for PostCSSSyntaxError
<w> while serializing webpack/lib/cache/PackFileCacheStrategy.PackContentItems -> webpack/lib/NormalModule -> webpack/lib/ModuleBuildError -> PostCSSSyntaxError
Failed to compile.

./src/app/globals.css:356:5
Syntax error: /Users/mnosys/Documents/Antigravit AI /Iamautom Skool/iamautom-community/src/app/globals.css The `decoration-brand-accent/50` class does not exist. If `decoration-brand-accent/50` is a custom class, make sure it is defined within a `@layer` directive.

  354 | 
  355 |   .prose-content a {
> 356 |     @apply text-brand-accent hover:underline decoration-brand-accent/50 underline-offset-2 transition-all;
      |     ^
  357 |   }
  358 |

./src/app/globals.css
Syntax error: /Users/mnosys/Documents/Antigravit AI /Iamautom Skool/iamautom-community/src/app/globals.css The `decoration-brand-accent/50` class does not exist. If `decoration-brand-accent/50` is a custom class, make sure it is defined within a `@layer` directive. (356:5)

  354 | 
  355 |   .prose-content a {
> 356 |     @apply text-brand-accent hover:underline decoration-brand-accent/50 underline-offset-2 transition-all;
      |     ^
  357 |   }
  358 | 

    at tryRunOrWebpackError (/Users/mnosys/Documents/Antigravit AI /Iamautom Skool/iamautom-community/node_modules/next/dist/compiled/webpack/bundle5.js:28:312989)
    at __webpack_require_module__ (/Users/mnosys/Documents/Antigravit AI /Iamautom Skool/iamautom-community/node_modules/next/dist/compiled/webpack/bundle5.js:28:131165)
    at __nested_webpack_require_153728__ (/Users/mnosys/Documents/Antigravit AI /Iamautom Skool/iamautom-community/node_modules/next/dist/compiled/webpack/bundle5.js:28:130607)
    at /Users/mnosys/Documents/Antigravit AI /Iamautom Skool/iamautom-community/node_modules/next/dist/compiled/webpack/bundle5.js:28:131454
    at symbolIterator (/Users/mnosys/Documents/Antigravit AI /Iamautom Skool/iamautom-community/node_modules/next/dist/compiled/neo-async/async.js:1:14444)
    at done (/Users/mnosys/Documents/Antigravit AI /Iamautom Skool/iamautom-community/node_modules/next/dist/compiled/neo-async/async.js:1:14824)
    at Hook.eval [as callAsync] (eval at create (/Users/mnosys/Documents/Antigravit AI /Iamautom Skool/iamautom-community/node_modules/next/dist/compiled/webpack/bundle5.js:13:28858), <anonymous>:15:1)
    at Hook.CALL_ASYNC_DELEGATE [as _callAsync] (/Users/mnosys/Documents/Antigravit AI /Iamautom Skool/iamautom-community/node_modules/next/dist/compiled/webpack/bundle5.js:13:26012)
    at /Users/mnosys/Documents/Antigravit AI /Iamautom Skool/iamautom-community/node_modules/next/dist/compiled/webpack/bundle5.js:28:130328
    at symbolIterator (/Users/mnosys/Documents/Antigravit AI /Iamautom Skool/iamautom-community/node_modules/next/dist/compiled/neo-async/async.js:1:14402)
-- inner error --
Syntax error: /Users/mnosys/Documents/Antigravit AI /Iamautom Skool/iamautom-community/src/app/globals.css The `decoration-brand-accent/50` class does not exist. If `decoration-brand-accent/50` is a custom class, make sure it is defined within a `@layer` directive. (356:5)

  354 | 
  355 |   .prose-content a {
> 356 |     @apply text-brand-accent hover:underline decoration-brand-accent/50 underline-offset-2 transition-all;
      |     ^
  357 |   }
  358 | 

    at Object.<anonymous> (/Users/mnosys/Documents/Antigravit AI /Iamautom Skool/iamautom-community/node_modules/next/dist/build/webpack/loaders/css-loader/src/index.js??ruleSet[1].rules[14].oneOf[12].use[2]!/Users/mnosys/Documents/Antigravit AI /Iamautom Skool/iamautom-community/node_modules/next/dist/build/webpack/loaders/postcss-loader/src/index.js??ruleSet[1].rules[14].oneOf[12].use[3]!/Users/mnosys/Documents/Antigravit AI /Iamautom Skool/iamautom-community/src/app/globals.css:1:7)
    at /Users/mnosys/Documents/Antigravit AI /Iamautom Skool/iamautom-community/node_modules/next/dist/compiled/webpack/bundle5.js:28:922493
    at Hook.eval [as call] (eval at create (/Users/mnosys/Documents/Antigravit AI /Iamautom Skool/iamautom-community/node_modules/next/dist/compiled/webpack/bundle5.js:13:28636), <anonymous>:7:1)
    at Hook.CALL_DELEGATE [as _call] (/Users/mnosys/Documents/Antigravit AI /Iamautom Skool/iamautom-community/node_modules/next/dist/compiled/webpack/bundle5.js:13:25906)
    at /Users/mnosys/Documents/Antigravit AI /Iamautom Skool/iamautom-community/node_modules/next/dist/compiled/webpack/bundle5.js:28:131198
    at tryRunOrWebpackError (/Users/mnosys/Documents/Antigravit AI /Iamautom Skool/iamautom-community/node_modules/next/dist/compiled/webpack/bundle5.js:28:312943)
    at __webpack_require_module__ (/Users/mnosys/Documents/Antigravit AI /Iamautom Skool/iamautom-community/node_modules/next/dist/compiled/webpack/bundle5.js:28:131165)
    at __nested_webpack_require_153728__ (/Users/mnosys/Documents/Antigravit AI /Iamautom Skool/iamautom-community/node_modules/next/dist/compiled/webpack/bundle5.js:28:130607)
    at /Users/mnosys/Documents/Antigravit AI /Iamautom Skool/iamautom-community/node_modules/next/dist/compiled/webpack/bundle5.js:28:131454
    at symbolIterator (/Users/mnosys/Documents/Antigravit AI /Iamautom Skool/iamautom-community/node_modules/next/dist/compiled/neo-async/async.js:1:14444)

Generated code for /Users/mnosys/Documents/Antigravit AI /Iamautom Skool/iamautom-community/node_modules/next/dist/build/webpack/loaders/css-loader/src/index.js??ruleSet[1].rules[14].oneOf[12].use[2]!/Users/mnosys/Documents/Antigravit AI /Iamautom Skool/iamautom-community/node_modules/next/dist/build/webpack/loaders/postcss-loader/src/index.js??ruleSet[1].rules[14].oneOf[12].use[3]!/Users/mnosys/Documents/Antigravit AI /Iamautom Skool/iamautom-community/src/app/globals.css

Import trace for requested module:
./src/app/globals.css


> Build failed because of webpack errors
